../Core/Src/main.c:87:5:main	8	static
../Core/Src/main.c:142:6:SystemClock_Config	88	static
../Core/Src/main.c:190:13:MX_ADC1_Init	24	static
../Core/Src/main.c:242:13:MX_TIM3_Init	64	static
../Core/Src/main.c:301:13:MX_TIM10_Init	8	static
../Core/Src/main.c:332:13:MX_USART2_UART_Init	8	static
../Core/Src/main.c:363:13:MX_DMA_Init	16	static
../Core/Src/main.c:385:13:MX_GPIO_Init	48	static
../Core/Src/main.c:430:6:HAL_ADC_ConvCpltCallback	16	static
../Core/Src/main.c:440:6:HAL_UART_TxCpltCallback	16	static
../Core/Src/main.c:451:6:Error_Handler	4	static,ignoring_inline_asm
