../Core/Src/main.c:90:5:main	8	static
../Core/Src/main.c:146:6:SystemClock_Config	88	static
../Core/Src/main.c:194:13:MX_ADC1_Init	24	static
../Core/Src/main.c:246:13:MX_DAC_Init	16	static
../Core/Src/main.c:286:13:MX_TIM3_Init	64	static
../Core/Src/main.c:345:13:MX_TIM4_Init	64	static
../Core/Src/main.c:404:13:MX_USART2_UART_Init	8	static
../Core/Src/main.c:435:13:MX_DMA_Init	16	static
../Core/Src/main.c:460:13:MX_GPIO_Init	48	static
../Core/Src/main.c:505:6:HAL_ADC_ConvCpltCallback	24	static
../Core/Src/main.c:518:6:HAL_UART_TxCpltCallback	16	static
../Core/Src/main.c:529:6:Error_Handler	4	static,ignoring_inline_asm
